<!DOCTYPE html>
<html lang="en">
<head>
    <meta charset="UTF-8">
    <title>Golden</title>
    <link rel="stylesheet" href="css/GoldenStyle.css">
</head>
<body>
   
    <header>
    <div class="container">
    
    <div class="heading clearfix">
    <img class="logo" src="img/logo.png" alt="logo">
    
    <nav>
    <ul class="menu">
        <li><a href="#">Home</a></li>
        <li><a href="#">Services</a></li>
        <li><a href="#">Portfolio</a></li>
        <li><a href="#">About</a></li>
        <li><a href="#">Contact</a></li>
    </ul>
    </nav>
    </div>
    
    
   <div class="titles">
      <div class="titles_first">
          Welcome to Our studio!
      </div>
       <h1>
           It's nice to Meet you
       </h1>
   </div>
       
        <a class="button" href="#"> Tell me more</a>
    
    </div>
    </header>
    
    <section>
        <div class="container">
          <div class="block">
          
           <div class="title">
               <h2>Services</h2>
          
            <p> Proin iaculis purus consequat sem cure </p>
            </div>
            
            <div class="services clearfix">
                
                <div class="service_item">
                    <img src="img/icon1.png" alt="icon1">
                    <h3>
                        E-Commerce
                    </h3>
                    <p class="info">
                        Proin iaculis purus consequat sem cure 
digni ssim. Donec porttitora entum suscipit 
aenean rhoncus posuere odio in tincidunt.
                    </p>
                </div>
                
                <div class="service_item">
                    <img src="img/icon2.png" alt="icon2">
                    <h3>
                        Responsive Web
                    </h3>
                    <p class="info">
                       Proin iaculis purus consequat sem cure 
digni ssim. Donec porttitora entum suscipit 
aenean rhoncus posuere odio in tincidunt.
                    </p>
                </div>
                
                <div class="service_item">
                    <img src="img/icon3.png" alt="icon3">
                    <h3>
                        Responsive Web
                    </h3>
                    <p class="info">
                       Proin iaculis purus consequat sem cure 
digni ssim. Donec porttitora entum suscipit 
aenean rhoncus posuere odio in tincidunt.
                    </p>
                </div>
            </div>
            
        </div>
        </div>
    </section>
    
    
    
    <section id="portfolio">
        <div class="container">
             <div class="title">
               <h2>Our portfolio</h2>
            <p> Proin iaculis purus consequat sem cure </p>
            </div>
            
            <div class="works clearfix">
                <img  src="img/img1.jpg" alt="">
                <img  src="img/img2.jpg" alt="">
                <img  src="img/img3.jpg"s alt="">
            </div>
        </div>
    </section>
    
    <section #about>
        <div class="container">
            <div class="title">
               <h2>About Us</h2>
            <p> Proin iaculis purus consequat sem cure </p>
            </div>
            
            <div class="About_All">
            <div class="about">
             <div class="about_text1 clearfix">
                <h4>
                    July 2010
                    
                </h4>
                
                <h5>Our Humble Beginnings</h5>
                
                <p>
                  Proin iaculis purus consequat sem cure 
digni ssim. Donec porttitora entum suscipit 
aenean rhoncus posuere odio in tincidunt. Proin 
iaculis purus consequat sem cure digni 
ssim. Donec porttitora entum suscipit.  
                </p>
                </div>
                
          <img class="about_img1" src="img/about1.jpg" alt="">
        </div>
           
            
            <div class="about">
             <div class="about_text2 clearfix">
                <h4>
                    January 2011 
                </h4>
                
                <h5>Facing Startup Battles</h5>
                
                <p>
                  Proin iaculis purus consequat sem cure 
digni ssim. Donec porttitora entum suscipit 
aenean rhoncus posuere odio in tincidunt. Proin 
iaculis purus consequat sem cure digni 
ssim. Donec porttitora entum suscipit aenean 
rhoncus posuere odio in tincidunt. 
                </p>
                </div>
                
          <img class="about_img2" src="img/about2.jpg" alt="">
        </div>
           
           
               <div class="about">
             <div class="about_text1 clearfix">
                <h4>
                  December 2012 
                </h4>
                
                <h5>Enter The Dark Days</h5>
                
                <p>
                  Proin iaculis purus consequat sem cure 
digni ssim. Donec porttitora entum suscipit 
aenean rhoncus posuere odio in tincidunt. Proin 
iaculis purus consequat sem cure digni. 
                </p>
                </div>
                
          <img class="about_img1" src="img/about3.jpg" alt="">
        </div>
            
            
         <div class="about">
             <div class="about_text2 clearfix">
                <h4>
                 February 2014 
                </h4>
                <h5>Our Triumph</h5>
                <p>
                  Proin iaculis purus consequat sem cure 
digni ssim. Donec porttitora entum suscipit 
aenean rhoncus posuere odio in tincidunt. Proin 
iaculis purus consequat sem cure digni 
ssim. Donec porttitora entum suscipit aenean. 
                </p>
                </div>
                
          <img class="about_img2" src="img/about4.jpg" alt="">
        </div>
            </div>
            
          </div> 
    </section> 
    
    <footer>
        <p>
        Â© Copyright 2014 FreebiesXpress.com
        
        
        </p>
    </footer>  
    
</body>
</html>